<pertinentInformation2 typeCode="PERT" inversionInd="false" contextConductionInd="true" negationInd="false">
    <templateId root="2.16.840.1.113883.2.1.3.2.4.18.2" extension="CSAB_RM-NPfITUK10.pertinentInformation1"/>
    <seperatableInd value="true"/>
    <pertinentCREType classCode="CATEGORY" moodCode="EVN">
        <code code="163141000000104" codeSystem="2.16.840.1.113883.2.1.3.2.4.15" displayName="Investigation Results"/>
        <component typeCode="COMP" contextConductionInd="true">
            <templateId root="2.16.840.1.113883.2.1.3.2.4.18.2" extension="CSAB_RM-NPfITUK10.component"/>
            <seperatableInd value="false"/>
            <UKCT_MT144043UK02.Finding classCode="OBS" moodCode="EVN">
                <id root="19ABC6D1-8AF5-11EA-9FCE-AFDCAECF9DFB"/>
                <code code="163131000000108" codeSystem="2.16.840.1.113883.2.1.3.2.4.15" displayName="SARS-CoV-2 (severe acute respiratory syndrome coronavirus 2) RNA (ribonucleic acid) detection result positive"/>
                <statusCode code="completed"/>
                <effectiveTime>
                    <low value="20200805"/>
                </effectiveTime>
            </UKCT_MT144043UK02.Finding>
        </component>
    </pertinentCREType>
</pertinentInformation2>
